// Jest Snapshot v1, https://goo.gl/fbAQLP

exports[`should render a PetList 1`] = `<Fragment />`;
